[NPhaseAllaireAdvection] Zalesak test enabled
[NPhaseAllaireAdvection::Setup] About to register Zalesak test
[NPhaseAllaireAdvection::Setup] ALPHAK field offset: 3
[NPhaseAllaireAdvection::Setup] ALPHAKRHOK field offset: 6
[NPhaseAllaireAdvection::Setup] ALLAIRE_FIELD offset: 0
[NPhaseAllaireAdvection::Setup] Zalesak test registered successfully
Timestep: 0000 time = 0        dt = 2.5e-05
Timestep: 0025 time = 0.000625 dt = 2.5e-05
Timestep: 0050 time = 0.00125  dt = 2.5e-05
Timestep: 0075 time = 0.001875 dt = 2.5e-05
Timestep: 0100 time = 0.0025   dt = 2.5e-05
Timestep: 0125 time = 0.003125 dt = 2.5e-05
Timestep: 0150 time = 0.00375  dt = 2.5e-05
Timestep: 0175 time = 0.004375 dt = 2.5e-05
Timestep: 0200 time = 0.005    dt = 2.5e-05
Timestep: 0225 time = 0.005625 dt = 2.5e-05
Timestep: 0250 time = 0.00625  dt = 2.5e-05
Timestep: 0275 time = 0.006875 dt = 2.5e-05
Timestep: 0300 time = 0.0075   dt = 2.5e-05
Timestep: 0325 time = 0.008125 dt = 2.5e-05
Timestep: 0350 time = 0.00875  dt = 2.5e-05
Timestep: 0375 time = 0.009375 dt = 2.5e-05
Timestep: 0400 time = 0.01     dt = 2.5e-05
Timestep: 0425 time = 0.01063  dt = 2.5e-05
Timestep: 0450 time = 0.01125  dt = 2.5e-05
Timestep: 0475 time = 0.01188  dt = 2.5e-05
Timestep: 0500 time = 0.0125   dt = 2.5e-05
Timestep: 0525 time = 0.01313  dt = 2.5e-05
Timestep: 0550 time = 0.01375  dt = 2.5e-05
Timestep: 0575 time = 0.01438  dt = 2.5e-05
Timestep: 0600 time = 0.015    dt = 2.5e-05
Timestep: 0625 time = 0.01563  dt = 2.5e-05
Timestep: 0650 time = 0.01625  dt = 2.5e-05
Timestep: 0675 time = 0.01688  dt = 2.5e-05
Timestep: 0700 time = 0.0175   dt = 2.5e-05
Timestep: 0725 time = 0.01813  dt = 2.5e-05
Timestep: 0750 time = 0.01875  dt = 2.5e-05
Timestep: 0775 time = 0.01938  dt = 2.5e-05
Timestep: 0800 time = 0.02     dt = 2.5e-05
Timestep: 0825 time = 0.02063  dt = 2.5e-05
Timestep: 0850 time = 0.02125  dt = 2.5e-05
Timestep: 0875 time = 0.02188  dt = 2.5e-05
Timestep: 0900 time = 0.0225   dt = 2.5e-05
Timestep: 0925 time = 0.02313  dt = 2.5e-05
Timestep: 0950 time = 0.02375  dt = 2.5e-05
Timestep: 0975 time = 0.02438  dt = 2.5e-05
Timestep: 1000 time = 0.025    dt = 2.5e-05
Timestep: 1025 time = 0.02563  dt = 2.5e-05
Timestep: 1050 time = 0.02625  dt = 2.5e-05
Timestep: 1075 time = 0.02688  dt = 2.5e-05
Timestep: 1100 time = 0.0275   dt = 2.5e-05
Timestep: 1125 time = 0.02813  dt = 2.5e-05
Timestep: 1150 time = 0.02875  dt = 2.5e-05
Timestep: 1175 time = 0.02938  dt = 2.5e-05
Timestep: 1200 time = 0.03     dt = 2.5e-05
Timestep: 1225 time = 0.03063  dt = 2.5e-05
Timestep: 1250 time = 0.03125  dt = 2.5e-05
Timestep: 1275 time = 0.03188  dt = 2.5e-05
Timestep: 1300 time = 0.0325   dt = 2.5e-05
Timestep: 1325 time = 0.03313  dt = 2.5e-05
Timestep: 1350 time = 0.03375  dt = 2.5e-05
Timestep: 1375 time = 0.03438  dt = 2.5e-05
Timestep: 1400 time = 0.035    dt = 2.5e-05
Timestep: 1425 time = 0.03563  dt = 2.5e-05
Timestep: 1450 time = 0.03625  dt = 2.5e-05
Timestep: 1475 time = 0.03688  dt = 2.5e-05
Timestep: 1500 time = 0.0375   dt = 2.5e-05
Timestep: 1525 time = 0.03812  dt = 2.5e-05
Timestep: 1550 time = 0.03875  dt = 2.5e-05
Timestep: 1575 time = 0.03937  dt = 2.5e-05
Timestep: 1600 time = 0.04     dt = 2.5e-05
Timestep: 1625 time = 0.04062  dt = 2.5e-05
Timestep: 1650 time = 0.04125  dt = 2.5e-05
Timestep: 1675 time = 0.04187  dt = 2.5e-05
Timestep: 1700 time = 0.0425   dt = 2.5e-05
Timestep: 1725 time = 0.04312  dt = 2.5e-05
Timestep: 1750 time = 0.04375  dt = 2.5e-05
Timestep: 1775 time = 0.04437  dt = 2.5e-05
Timestep: 1800 time = 0.045    dt = 2.5e-05
Timestep: 1825 time = 0.04562  dt = 2.5e-05
Timestep: 1850 time = 0.04625  dt = 2.5e-05
Timestep: 1875 time = 0.04687  dt = 2.5e-05
Timestep: 1900 time = 0.0475   dt = 2.5e-05
Timestep: 1925 time = 0.04812  dt = 2.5e-05
Timestep: 1950 time = 0.04875  dt = 2.5e-05
Timestep: 1975 time = 0.04937  dt = 2.5e-05
Timestep: 2000 time = 0.05     dt = 2.5e-05
Timestep: 2025 time = 0.05062  dt = 2.5e-05
Timestep: 2050 time = 0.05125  dt = 2.5e-05
Timestep: 2075 time = 0.05187  dt = 2.5e-05
Timestep: 2100 time = 0.0525   dt = 2.5e-05
Timestep: 2125 time = 0.05312  dt = 2.5e-05
Timestep: 2150 time = 0.05375  dt = 2.5e-05
Timestep: 2175 time = 0.05437  dt = 2.5e-05
Timestep: 2200 time = 0.055    dt = 2.5e-05
Timestep: 2225 time = 0.05562  dt = 2.5e-05
Timestep: 2250 time = 0.05625  dt = 2.5e-05
Timestep: 2275 time = 0.05687  dt = 2.5e-05
Timestep: 2300 time = 0.0575   dt = 2.5e-05
Timestep: 2325 time = 0.05812  dt = 2.5e-05
Timestep: 2350 time = 0.05875  dt = 2.5e-05
Timestep: 2375 time = 0.05937  dt = 2.5e-05
Timestep: 2400 time = 0.06     dt = 2.5e-05
Timestep: 2425 time = 0.06062  dt = 2.5e-05
Timestep: 2450 time = 0.06125  dt = 2.5e-05
Timestep: 2475 time = 0.06187  dt = 2.5e-05
Timestep: 2500 time = 0.0625   dt = 2.5e-05
Timestep: 2525 time = 0.06312  dt = 2.5e-05
Timestep: 2550 time = 0.06375  dt = 2.5e-05
Timestep: 2575 time = 0.06437  dt = 2.5e-05
Timestep: 2600 time = 0.065    dt = 2.5e-05
Timestep: 2625 time = 0.06562  dt = 2.5e-05
Timestep: 2650 time = 0.06625  dt = 2.5e-05
Timestep: 2675 time = 0.06687  dt = 2.5e-05
Timestep: 2700 time = 0.0675   dt = 2.5e-05
Timestep: 2725 time = 0.06812  dt = 2.5e-05
Timestep: 2750 time = 0.06875  dt = 2.5e-05
Timestep: 2775 time = 0.06937  dt = 2.5e-05
Timestep: 2800 time = 0.07     dt = 2.5e-05
Timestep: 2825 time = 0.07062  dt = 2.5e-05
Timestep: 2850 time = 0.07125  dt = 2.5e-05
Timestep: 2875 time = 0.07187  dt = 2.5e-05
Timestep: 2900 time = 0.0725   dt = 2.5e-05
Timestep: 2925 time = 0.07312  dt = 2.5e-05
Timestep: 2950 time = 0.07375  dt = 2.5e-05
Timestep: 2975 time = 0.07437  dt = 2.5e-05
Timestep: 3000 time = 0.075    dt = 2.5e-05
Timestep: 3025 time = 0.07562  dt = 2.5e-05
Timestep: 3050 time = 0.07625  dt = 2.5e-05
Timestep: 3075 time = 0.07687  dt = 2.5e-05
Timestep: 3100 time = 0.0775   dt = 2.5e-05
Timestep: 3125 time = 0.07812  dt = 2.5e-05
Timestep: 3150 time = 0.07875  dt = 2.5e-05
Timestep: 3175 time = 0.07937  dt = 2.5e-05
Timestep: 3200 time = 0.08     dt = 2.5e-05
Timestep: 3225 time = 0.08062  dt = 2.5e-05
Timestep: 3250 time = 0.08125  dt = 2.5e-05
Timestep: 3275 time = 0.08187  dt = 2.5e-05
Timestep: 3300 time = 0.0825   dt = 2.5e-05
Timestep: 3325 time = 0.08312  dt = 2.5e-05
Timestep: 3350 time = 0.08375  dt = 2.5e-05
Timestep: 3375 time = 0.08437  dt = 2.5e-05
Timestep: 3400 time = 0.085    dt = 2.5e-05
Timestep: 3425 time = 0.08562  dt = 2.5e-05
Timestep: 3450 time = 0.08625  dt = 2.5e-05
Timestep: 3475 time = 0.08687  dt = 2.5e-05
Timestep: 3500 time = 0.0875   dt = 2.5e-05
Timestep: 3525 time = 0.08812  dt = 2.5e-05
Timestep: 3550 time = 0.08875  dt = 2.5e-05
Timestep: 3575 time = 0.08937  dt = 2.5e-05
Timestep: 3600 time = 0.09     dt = 2.5e-05
Timestep: 3625 time = 0.09062  dt = 2.5e-05
Timestep: 3650 time = 0.09125  dt = 2.5e-05
Timestep: 3675 time = 0.09187  dt = 2.5e-05
Timestep: 3700 time = 0.0925   dt = 2.5e-05
Timestep: 3725 time = 0.09312  dt = 2.5e-05
Timestep: 3750 time = 0.09375  dt = 2.5e-05
Timestep: 3775 time = 0.09437  dt = 2.5e-05
Timestep: 3800 time = 0.095    dt = 2.5e-05
Timestep: 3825 time = 0.09562  dt = 2.5e-05
Timestep: 3850 time = 0.09625  dt = 2.5e-05
Timestep: 3875 time = 0.09687  dt = 2.5e-05
Timestep: 3900 time = 0.0975   dt = 2.5e-05
Timestep: 3925 time = 0.09812  dt = 2.5e-05
Timestep: 3950 time = 0.09875  dt = 2.5e-05
Timestep: 3975 time = 0.09937  dt = 2.5e-05
Timestep: 4000 time = 0.1      dt = 2.5e-05
Timestep: 4025 time = 0.1006   dt = 2.5e-05
Timestep: 4050 time = 0.1012   dt = 2.5e-05
Timestep: 4075 time = 0.1019   dt = 2.5e-05
Timestep: 4100 time = 0.1025   dt = 2.5e-05
Timestep: 4125 time = 0.1031   dt = 2.5e-05
Timestep: 4150 time = 0.1037   dt = 2.5e-05
Timestep: 4175 time = 0.1044   dt = 2.5e-05
Timestep: 4200 time = 0.105    dt = 2.5e-05
Timestep: 4225 time = 0.1056   dt = 2.5e-05
Timestep: 4250 time = 0.1062   dt = 2.5e-05
Timestep: 4275 time = 0.1069   dt = 2.5e-05
Timestep: 4300 time = 0.1075   dt = 2.5e-05
Timestep: 4325 time = 0.1081   dt = 2.5e-05
Timestep: 4350 time = 0.1087   dt = 2.5e-05
Timestep: 4375 time = 0.1094   dt = 2.5e-05
Timestep: 4400 time = 0.11     dt = 2.5e-05
Timestep: 4425 time = 0.1106   dt = 2.5e-05
Timestep: 4450 time = 0.1112   dt = 2.5e-05
Timestep: 4475 time = 0.1119   dt = 2.5e-05
Timestep: 4500 time = 0.1125   dt = 2.5e-05
Timestep: 4525 time = 0.1131   dt = 2.5e-05
Timestep: 4550 time = 0.1137   dt = 2.5e-05
Timestep: 4575 time = 0.1144   dt = 2.5e-05
Timestep: 4600 time = 0.115    dt = 2.5e-05
Timestep: 4625 time = 0.1156   dt = 2.5e-05
Timestep: 4650 time = 0.1162   dt = 2.5e-05
Timestep: 4675 time = 0.1169   dt = 2.5e-05
Timestep: 4700 time = 0.1175   dt = 2.5e-05
Timestep: 4725 time = 0.1181   dt = 2.5e-05
Timestep: 4750 time = 0.1187   dt = 2.5e-05
Timestep: 4775 time = 0.1194   dt = 2.5e-05
Timestep: 4800 time = 0.12     dt = 2.5e-05
Timestep: 4825 time = 0.1206   dt = 2.5e-05
Timestep: 4850 time = 0.1212   dt = 2.5e-05
Timestep: 4875 time = 0.1219   dt = 2.5e-05
Timestep: 4900 time = 0.1225   dt = 2.5e-05
Timestep: 4925 time = 0.1231   dt = 2.5e-05
Timestep: 4950 time = 0.1237   dt = 2.5e-05
Timestep: 4975 time = 0.1244   dt = 2.5e-05
Timestep: 5000 time = 0.125    dt = 2.5e-05
Timestep: 5025 time = 0.1256   dt = 2.5e-05
Timestep: 5050 time = 0.1262   dt = 2.5e-05
Timestep: 5075 time = 0.1269   dt = 2.5e-05
Timestep: 5100 time = 0.1275   dt = 2.5e-05
Timestep: 5125 time = 0.1281   dt = 2.5e-05
Timestep: 5150 time = 0.1287   dt = 2.5e-05
Timestep: 5175 time = 0.1294   dt = 2.5e-05
Timestep: 5200 time = 0.13     dt = 2.5e-05
Timestep: 5225 time = 0.1306   dt = 2.5e-05
Timestep: 5250 time = 0.1312   dt = 2.5e-05
Timestep: 5275 time = 0.1319   dt = 2.5e-05
Timestep: 5300 time = 0.1325   dt = 2.5e-05
Timestep: 5325 time = 0.1331   dt = 2.5e-05
Timestep: 5350 time = 0.1337   dt = 2.5e-05
Timestep: 5375 time = 0.1344   dt = 2.5e-05
Timestep: 5400 time = 0.135    dt = 2.5e-05
Timestep: 5425 time = 0.1356   dt = 2.5e-05
Timestep: 5450 time = 0.1362   dt = 2.5e-05
Timestep: 5475 time = 0.1369   dt = 2.5e-05
Timestep: 5500 time = 0.1375   dt = 2.5e-05
Timestep: 5525 time = 0.1381   dt = 2.5e-05
Timestep: 5550 time = 0.1387   dt = 2.5e-05
Timestep: 5575 time = 0.1394   dt = 2.5e-05
Timestep: 5600 time = 0.14     dt = 2.5e-05
Timestep: 5625 time = 0.1406   dt = 2.5e-05
Timestep: 5650 time = 0.1412   dt = 2.5e-05
Timestep: 5675 time = 0.1419   dt = 2.5e-05
Timestep: 5700 time = 0.1425   dt = 2.5e-05
Timestep: 5725 time = 0.1431   dt = 2.5e-05
Timestep: 5750 time = 0.1437   dt = 2.5e-05
Timestep: 5775 time = 0.1444   dt = 2.5e-05
Timestep: 5800 time = 0.145    dt = 2.5e-05
Timestep: 5825 time = 0.1456   dt = 2.5e-05
Timestep: 5850 time = 0.1462   dt = 2.5e-05
Timestep: 5875 time = 0.1469   dt = 2.5e-05
Timestep: 5900 time = 0.1475   dt = 2.5e-05
Timestep: 5925 time = 0.1481   dt = 2.5e-05
Timestep: 5950 time = 0.1487   dt = 2.5e-05
Timestep: 5975 time = 0.1494   dt = 2.5e-05
Timestep: 6000 time = 0.15     dt = 2.5e-05
Timestep: 6025 time = 0.1506   dt = 2.5e-05
Timestep: 6050 time = 0.1512   dt = 2.5e-05
Timestep: 6075 time = 0.1519   dt = 2.5e-05
Timestep: 6100 time = 0.1525   dt = 2.5e-05
Timestep: 6125 time = 0.1531   dt = 2.5e-05
Timestep: 6150 time = 0.1537   dt = 2.5e-05
Timestep: 6175 time = 0.1544   dt = 2.5e-05
Timestep: 6200 time = 0.155    dt = 2.5e-05
Timestep: 6225 time = 0.1556   dt = 2.5e-05
Timestep: 6250 time = 0.1562   dt = 2.5e-05
Timestep: 6275 time = 0.1569   dt = 2.5e-05
Timestep: 6300 time = 0.1575   dt = 2.5e-05
Timestep: 6325 time = 0.1581   dt = 2.5e-05
Timestep: 6350 time = 0.1587   dt = 2.5e-05
Timestep: 6375 time = 0.1594   dt = 2.5e-05
Timestep: 6400 time = 0.16     dt = 2.5e-05
Timestep: 6425 time = 0.1606   dt = 2.5e-05
Timestep: 6450 time = 0.1612   dt = 2.5e-05
Timestep: 6475 time = 0.1619   dt = 2.5e-05
Timestep: 6500 time = 0.1625   dt = 2.5e-05
Timestep: 6525 time = 0.1631   dt = 2.5e-05
Timestep: 6550 time = 0.1637   dt = 2.5e-05
Timestep: 6575 time = 0.1644   dt = 2.5e-05
Timestep: 6600 time = 0.165    dt = 2.5e-05
Timestep: 6625 time = 0.1656   dt = 2.5e-05
Timestep: 6650 time = 0.1662   dt = 2.5e-05
Timestep: 6675 time = 0.1669   dt = 2.5e-05
Timestep: 6700 time = 0.1675   dt = 2.5e-05
Timestep: 6725 time = 0.1681   dt = 2.5e-05
Timestep: 6750 time = 0.1687   dt = 2.5e-05
Timestep: 6775 time = 0.1694   dt = 2.5e-05
Timestep: 6800 time = 0.17     dt = 2.5e-05
Timestep: 6825 time = 0.1706   dt = 2.5e-05
Timestep: 6850 time = 0.1712   dt = 2.5e-05
Timestep: 6875 time = 0.1719   dt = 2.5e-05
Timestep: 6900 time = 0.1725   dt = 2.5e-05
Timestep: 6925 time = 0.1731   dt = 2.5e-05
Timestep: 6950 time = 0.1737   dt = 2.5e-05
Timestep: 6975 time = 0.1744   dt = 2.5e-05
Timestep: 7000 time = 0.175    dt = 2.5e-05
Timestep: 7025 time = 0.1756   dt = 2.5e-05
Timestep: 7050 time = 0.1762   dt = 2.5e-05
Timestep: 7075 time = 0.1769   dt = 2.5e-05
Timestep: 7100 time = 0.1775   dt = 2.5e-05
Timestep: 7125 time = 0.1781   dt = 2.5e-05
Timestep: 7150 time = 0.1787   dt = 2.5e-05
Timestep: 7175 time = 0.1794   dt = 2.5e-05
Timestep: 7200 time = 0.18     dt = 2.5e-05
Timestep: 7225 time = 0.1806   dt = 2.5e-05
Timestep: 7250 time = 0.1812   dt = 2.5e-05
Timestep: 7275 time = 0.1819   dt = 2.5e-05
Timestep: 7300 time = 0.1825   dt = 2.5e-05
Timestep: 7325 time = 0.1831   dt = 2.5e-05
Timestep: 7350 time = 0.1837   dt = 2.5e-05
Timestep: 7375 time = 0.1844   dt = 2.5e-05
Timestep: 7400 time = 0.185    dt = 2.5e-05
Timestep: 7425 time = 0.1856   dt = 2.5e-05
Timestep: 7450 time = 0.1862   dt = 2.5e-05
Timestep: 7475 time = 0.1869   dt = 2.5e-05
Timestep: 7500 time = 0.1875   dt = 2.5e-05
Timestep: 7525 time = 0.1881   dt = 2.5e-05
Timestep: 7550 time = 0.1887   dt = 2.5e-05
Timestep: 7575 time = 0.1894   dt = 2.5e-05
Timestep: 7600 time = 0.19     dt = 2.5e-05
Timestep: 7625 time = 0.1906   dt = 2.5e-05
Timestep: 7650 time = 0.1912   dt = 2.5e-05
Timestep: 7675 time = 0.1919   dt = 2.5e-05
Timestep: 7700 time = 0.1925   dt = 2.5e-05
Timestep: 7725 time = 0.1931   dt = 2.5e-05
Timestep: 7750 time = 0.1937   dt = 2.5e-05
Timestep: 7775 time = 0.1944   dt = 2.5e-05
Timestep: 7800 time = 0.195    dt = 2.5e-05
Timestep: 7825 time = 0.1956   dt = 2.5e-05
Timestep: 7850 time = 0.1962   dt = 2.5e-05
Timestep: 7875 time = 0.1969   dt = 2.5e-05
Timestep: 7900 time = 0.1975   dt = 2.5e-05
Timestep: 7925 time = 0.1981   dt = 2.5e-05
Timestep: 7950 time = 0.1987   dt = 2.5e-05
Timestep: 7975 time = 0.1994   dt = 2.5e-05
Timestep: 8000 time = 0.2      dt = 2.5e-05
Timestep: 8025 time = 0.2006   dt = 2.5e-05
Timestep: 8050 time = 0.2012   dt = 2.5e-05
Timestep: 8075 time = 0.2019   dt = 2.5e-05
Timestep: 8100 time = 0.2025   dt = 2.5e-05
Timestep: 8125 time = 0.2031   dt = 2.5e-05
Timestep: 8150 time = 0.2037   dt = 2.5e-05
Timestep: 8175 time = 0.2044   dt = 2.5e-05
Timestep: 8200 time = 0.205    dt = 2.5e-05
Timestep: 8225 time = 0.2056   dt = 2.5e-05
Timestep: 8250 time = 0.2062   dt = 2.5e-05
Timestep: 8275 time = 0.2069   dt = 2.5e-05
Timestep: 8300 time = 0.2075   dt = 2.5e-05
Timestep: 8325 time = 0.2081   dt = 2.5e-05
Timestep: 8350 time = 0.2087   dt = 2.5e-05
Timestep: 8375 time = 0.2094   dt = 2.5e-05
